// Jest Snapshot v1, https://goo.gl/fbAQLP

exports[`renders NoCourses correctly 1`] = `
<View
  style={
    Array [
      Object {
        "alignItems": "center",
        "flexDirection": "column",
        "justifyContent": "center",
        "paddingHorizontal": 40,
      },
      undefined,
    ]
  }
>
  <Text
    accessible={true}
    allowFontScaling={true}
    ellipsizeMode="tail"
    style={
      Array [
        Object {
          "fontFamily": ".SFUIDisplay",
        },
        Object {
          "color": "#2D3B45",
          "fontSize": 16,
        },
        Object {
          "color": "#2D3B45",
          "fontSize": 30,
          "lineHeight": 36,
          "marginBottom": 8,
        },
        Object {
          "fontFamily": ".SFUIDisplay",
        },
      ]
    }
    testID="no-courses.welcome-lbl"
  >
    Welcome!
  </Text>
  <Text
    accessible={true}
    allowFontScaling={true}
    ellipsizeMode="tail"
    style={
      Array [
        Object {
          "fontFamily": ".SFUIDisplay",
        },
        Object {
          "color": "#2D3B45",
          "fontSize": 16,
        },
        Object {
          "color": "#8B969E",
          "fontSize": 16,
          "lineHeight": 19,
          "marginBottom": 40,
          "paddingHorizontal": 10,
          "textAlign": "center",
        },
        Object {
          "fontFamily": ".SFUIDisplay",
        },
      ]
    }
    testID="no-courses.description-lbl"
  >
    Add a few of your favorite courses to make this place your home.
  </Text>
  <TouchableOpacity
    accessibilityComponentType="button"
    accessibilityTraits="button"
    activeOpacity={0.2}
    delayLongPress={undefined}
    delayPressIn={undefined}
    delayPressOut={undefined}
    onLongPress={undefined}
    onPress={[Function]}
    onPressIn={undefined}
    onPressOut={undefined}
    style={
      Array [
        Object {
          "backgroundColor": "#374A59",
          "borderRadius": 8,
          "overflow": "hidden",
          "padding": 10,
        },
        Object {
          "backgroundColor": "#374A59",
        },
        Object {
          "borderRadius": 4,
          "paddingHorizontal": 24,
          "paddingVertical": 16,
        },
      ]
    }
    testID="no-courses.add-courses-btn"
  >
    <Text
      accessible={true}
      allowFontScaling={true}
      ellipsizeMode="tail"
      style={
        Array [
          Object {
            "color": "#007aff",
            "fontSize": 17,
            "fontWeight": "500",
            "textAlign": "center",
          },
          null,
          Array [
            Object {
              "color": "white",
            },
            Object {
              "color": "white",
            },
            Object {
              "fontSize": 16,
              "lineHeight": 19,
            },
          ],
          null,
        ]
      }
    >
      Add Courses
    </Text>
  </TouchableOpacity>
</View>
`;
