// Jest Snapshot v1, https://goo.gl/fbAQLP

exports[`renders activity indicator view correctly 1`] = `
<View
  style={
    Object {
      "alignItems": "center",
      "flex": 1,
      "justifyContent": "center",
    }
  }
>
  <ActivityIndicator
    animating={true}
    color="#999999"
    hidesWhenStopped={true}
    size="small"
    style={
      Object {
        "flex": 1,
      }
    }
  />
</View>
`;
