// Jest Snapshot v1, https://goo.gl/fbAQLP

exports[`renders disclosure indiciator correctly 1`] = `
<View
  style={
    Object {
      "alignSelf": "center",
      "backgroundColor": "transparent",
      "borderColor": "#c7c7cc",
      "borderRightWidth": 2,
      "borderTopWidth": 2,
      "height": 10,
      "marginLeft": 7,
      "transform": Array [
        Object {
          "rotate": "45deg",
        },
      ],
      "width": 10,
    }
  }
/>
`;
