// Jest Snapshot v1, https://goo.gl/fbAQLP

exports[`courses refresher puts in all courses 1`] = `
Array [
  Object {},
  Object {
    "1": Object {
      "announcements": Object {
        "pending": 0,
        "refs": Array [],
      },
      "assignmentGroups": Object {
        "pending": 0,
        "refs": Array [],
      },
      "attendanceTool": Object {
        "pending": 0,
      },
      "color": "#fff",
      "course": Object {
        "account_id": "1",
        "course_code": "rn 101",
        "default_view": "wiki",
        "end_at": "2030-02-08T23:13:39Z",
        "enrollments": Array [
          Object {
            "enrollment_state": "active",
            "role": "TeacherEnrollment",
            "role_id": "1",
            "type": "teacher",
            "user_id": "1",
          },
        ],
        "id": "1",
        "image_download_url": "https://farm3.staticflickr.com/2926/14690771011_945f91045a.jpg",
        "is_favorite": true,
        "name": "Learn React Native",
        "permissions": Object {
          "viewAllGrades": true,
          "viewAnalytics": true,
        },
        "short_name": "rn",
        "term": Object {
          "created_at": "2018-02-08T23:13:39Z",
          "end_at": "2030-02-08T23:13:39Z",
          "id": "1",
          "name": "Default Term",
          "start_at": "2018-02-08T23:13:39Z",
          "workflow_state": "available",
        },
        "workflow_state": "available",
      },
      "discussions": Object {
        "pending": 0,
        "refs": Array [],
      },
      "enabledFeatures": Array [],
      "enrollments": Object {
        "pending": 0,
        "refs": Array [],
      },
      "gradingPeriods": Object {
        "pending": 0,
        "refs": Array [],
      },
      "groups": Object {
        "pending": 0,
        "refs": Array [],
      },
      "pending": 0,
      "permissions": null,
      "quizzes": Object {
        "pending": 0,
        "refs": Array [],
      },
      "tabs": Object {
        "pending": 0,
        "tabs": Array [],
      },
    },
    "991": Object {
      "announcements": Object {
        "pending": 0,
        "refs": Array [],
      },
      "assignmentGroups": Object {
        "pending": 0,
        "refs": Array [],
      },
      "attendanceTool": Object {
        "pending": 0,
      },
      "color": "#aaa",
      "course": Object {
        "account_id": "1",
        "course_code": "rn 101",
        "default_view": "wiki",
        "end_at": "2030-02-08T23:13:39Z",
        "enrollments": Array [],
        "id": 991,
        "image_download_url": "https://farm3.staticflickr.com/2926/14690771011_945f91045a.jpg",
        "is_favorite": true,
        "name": "Learn React Native",
        "permissions": Object {
          "viewAllGrades": true,
          "viewAnalytics": true,
        },
        "short_name": "rn",
        "term": Object {
          "created_at": "2018-02-08T23:13:39Z",
          "end_at": "2030-02-08T23:13:39Z",
          "id": "1",
          "name": "Default Term",
          "start_at": "2018-02-08T23:13:39Z",
          "workflow_state": "available",
        },
        "workflow_state": "available",
      },
      "discussions": Object {
        "pending": 0,
        "refs": Array [],
      },
      "enabledFeatures": Array [],
      "enrollments": Object {
        "pending": 0,
        "refs": Array [],
      },
      "gradingPeriods": Object {
        "pending": 0,
        "refs": Array [],
      },
      "groups": Object {
        "pending": 0,
        "refs": Array [],
      },
      "pending": 0,
      "permissions": null,
      "quizzes": Object {
        "pending": 0,
        "refs": Array [],
      },
      "tabs": Object {
        "pending": 0,
        "tabs": Array [],
      },
    },
  },
]
`;
