// Jest Snapshot v1, https://goo.gl/fbAQLP

exports[`PageEdit renders 1`] = `
<Screen
  dismissButtonTitle="Cancel"
  navBarStyle="light"
  rightBarButtons={
    Array [
      Object {
        "action": [Function],
        "style": "done",
        "testID": "pages.edit.doneButton",
        "title": "Done",
      },
    ]
  }
  showDismissButton={true}
  statusBarStyle="default"
  title="New Page"
>
  <View
    style={
      Object {
        "flex": 1,
      }
    }
  >
    <KeyboardAwareScrollView
      enableAutoAutomaticScroll={false}
      enableResetScrollToCoords={true}
      extraHeight={75}
      extraScrollHeight={0}
      keyboardDismissMode="on-drag"
      keyboardOpeningTime={250}
      keyboardShouldPersistTaps="handled"
      style={
        Object {
          "backgroundColor": "#F5F5F5",
          "flex": 1,
        }
      }
    >
      <Heading1
        style={
          Object {
            "color": "#2D3B45",
            "marginBottom": 8,
            "marginLeft": 16,
            "marginTop": 16,
          }
        }
      >
        Title
      </Heading1>
      <RowWithTextInput
        border="both"
        defaultValue=""
        identifier="pages.edit.titleInput"
        onChangeText={[Function]}
        onFocus={[Function]}
        placeholder="Add title"
        title=""
      />
      <Heading1
        style={
          Object {
            "color": "#2D3B45",
            "marginBottom": 8,
            "marginLeft": 16,
            "marginTop": 16,
          }
        }
      >
        Description
      </Heading1>
      <View
        style={
          Object {
            "backgroundColor": "white",
            "borderBottomColor": "#C7CDD1",
            "borderBottomWidth": 0.5,
            "borderTopColor": "#C7CDD1",
            "borderTopWidth": 0.5,
            "height": 200,
          }
        }
      >
        <RichTextEditor
          attachmentUploadPath="/courses/1/files"
          contentHeight={150}
          defaultValue=""
          keyboardAware={false}
          navigator={
            Object {
              "dismiss": [Function],
              "dismissAllModals": [Function],
              "isModal": false,
              "pop": [Function],
              "show": [Function],
              "traitCollection": [Function],
            }
          }
          onFocus={[Function]}
          placeholder="Add description"
          scrollEnabled={true}
          showToolbar="always"
        />
      </View>
      <Heading1
        style={
          Object {
            "color": "#2D3B45",
            "marginBottom": 8,
            "marginLeft": 16,
            "marginTop": 16,
          }
        }
      >
        Details
      </Heading1>
      <RowWithSwitch
        border="bottom"
        identifier="pages.edit.published.switch"
        onValueChange={[Function]}
        testID="pages.edit.published.row"
        title="Publish"
        value={false}
      />
      <RowWithDetail
        border="bottom"
        detail="Only teachers"
        detailSelected={false}
        disclosureIndicator={true}
        onPress={[Function]}
        testID="pages.edit.editing_roles.row"
        title="Can Edit"
      />
    </KeyboardAwareScrollView>
  </View>
</Screen>
`;
